// Jest Snapshot v1, https://goo.gl/fbAQLP

exports[`<Home /> should create a snapshot for Home Page 1`] = `
<div
  data-testid="page-wrapper"
>
  <h1
    className="MuiTypography-root MuiTypography-h2 typography__Typography-sc-1q90263-0 bYcMNB css-1sra7t5-MuiTypography-root"
  >
    Welcome to Website
  </h1>
</div>
`;
